=======
1 1 1 2 2 1 2 2 1 1 
1 1 2 2 1 1 1 2 2 1 
1 2 2 1 1 3 1 1 2 2 
2 2 1 1 3 3 3 1 1 2 
2 1 1 3 3 1 3 3 1 1 
2 1 3 3 1 2 1 3 3 1 
2 1 1 3 3 1 3 3 1 1 
2 2 1 1 3 3 3 1 1 2 
1 2 2 1 1 3 1 1 2 2 
1 1 2 2 1 1 1 2 2 1 
1 1 1 2 2 1 2 2 1 1 
3 1 1 1 2 2 2 1 1 1 
3 3 1 1 1 2 1 1 1 3 
1 3 3 1 1 1 1 1 3 3 
1 1 3 3 1 1 1 3 3 1 
1 1 1 3 3 1 3 3 1 1 
=======
 ||
 ||
 || Step 1
\||/
 \/
=======
1 1 1 1 1 1 2 2 1 1 
1 1 1 1 1 1 1 2 2 1 
1 1 1 1 1 3 1 1 2 2 
1 1 1 1 3 3 3 1 1 2 
1 1 1 3 3 1 3 3 1 1 
1 1 3 3 1 2 1 3 3 1 
1 1 1 3 3 1 3 3 1 1 
1 1 1 1 3 3 3 1 1 1 
1 1 1 1 1 3 1 1 1 1 
1 1 1 1 1 1 1 1 1 1 
1 1 1 1 1 1 1 1 1 1 
3 1 1 1 1 1 1 1 1 1 
3 3 1 1 1 1 1 1 1 3 
1 3 3 1 1 1 1 1 3 3 
1 1 3 3 1 1 1 3 3 1 
1 1 1 3 3 1 3 3 1 1 
=======
 ||
 ||
 || Step 2
\||/
 \/
=======
2 2 2 2 2 2 2 2 1 1 
2 2 2 2 2 2 2 2 2 1 
2 2 2 2 2 3 2 2 2 2 
2 2 2 2 3 3 3 2 2 2 
2 2 2 3 3 1 3 3 2 2 
2 2 3 3 1 2 1 3 3 2 
2 2 2 3 3 1 3 3 2 2 
2 2 2 2 3 3 3 2 2 2 
2 2 2 2 2 3 2 2 2 2 
2 2 2 2 2 2 2 2 2 2 
2 2 2 2 2 2 2 2 2 2 
3 2 2 2 2 2 2 2 2 2 
3 3 2 2 2 2 2 2 2 3 
1 3 3 2 2 2 2 2 3 3 
1 1 3 3 2 2 2 3 3 1 
1 1 1 3 3 2 3 3 1 1 
=======
 ||
 ||
 || Step 3
\||/
 \/
=======
3 3 3 3 3 3 3 3 1 1 
3 3 3 3 3 3 3 3 3 1 
3 3 3 3 3 3 3 3 3 3 
3 3 3 3 3 3 3 3 3 3 
3 3 3 3 3 1 3 3 3 3 
3 3 3 3 1 2 1 3 3 3 
3 3 3 3 3 1 3 3 3 3 
3 3 3 3 3 3 3 3 3 3 
3 3 3 3 3 3 3 3 3 3 
3 3 3 3 3 3 3 3 3 3 
3 3 3 3 3 3 3 3 3 3 
3 3 3 3 3 3 3 3 3 3 
3 3 3 3 3 3 3 3 3 3 
1 3 3 3 3 3 3 3 3 3 
1 1 3 3 3 3 3 3 3 1 
1 1 1 3 3 3 3 3 1 1 
=======
 ||
 ||
 || Step 4
\||/
 \/
=======
1 1 1 1 1 1 1 1 1 1 
1 1 1 1 1 1 1 1 1 1 
1 1 1 1 1 1 1 1 1 1 
1 1 1 1 1 1 1 1 1 1 
1 1 1 1 1 1 1 1 1 1 
1 1 1 1 1 2 1 1 1 1 
1 1 1 1 1 1 1 1 1 1 
1 1 1 1 1 1 1 1 1 1 
1 1 1 1 1 1 1 1 1 1 
1 1 1 1 1 1 1 1 1 1 
1 1 1 1 1 1 1 1 1 1 
1 1 1 1 1 1 1 1 1 1 
1 1 1 1 1 1 1 1 1 1 
1 1 1 1 1 1 1 1 1 1 
1 1 1 1 1 1 1 1 1 1 
1 1 1 1 1 1 1 1 1 1 
=======
 ||
 ||
 || Step 5
\||/
 \/
=======
2 2 2 2 2 2 2 2 2 2 
2 2 2 2 2 2 2 2 2 2 
2 2 2 2 2 2 2 2 2 2 
2 2 2 2 2 2 2 2 2 2 
2 2 2 2 2 2 2 2 2 2 
2 2 2 2 2 2 2 2 2 2 
2 2 2 2 2 2 2 2 2 2 
2 2 2 2 2 2 2 2 2 2 
2 2 2 2 2 2 2 2 2 2 
2 2 2 2 2 2 2 2 2 2 
2 2 2 2 2 2 2 2 2 2 
2 2 2 2 2 2 2 2 2 2 
2 2 2 2 2 2 2 2 2 2 
2 2 2 2 2 2 2 2 2 2 
2 2 2 2 2 2 2 2 2 2 
2 2 2 2 2 2 2 2 2 2 
=======
Time Elapsed: 266ms
