=======
1 2 2 2 1 1 1 3 3 1 
1 1 3 2 3 3 3 3 1 1 
1 1 3 2 1 1 1 3 3 1 
4 4 4 4 4 4 1 1 3 3 
4 1 3 2 1 4 1 4 4 1 
4 1 3 2 2 4 4 4 1 1 
4 1 3 3 2 1 1 4 4 1 
4 1 1 3 2 2 2 2 4 4 
2 2 1 3 3 3 3 3 3 3 
1 2 2 1 1 1 1 2 1 3 
1 1 2 2 2 1 1 2 2 3 
1 2 2 1 2 1 1 1 2 3 
2 2 1 1 2 1 3 3 2 1 
4 1 1 3 3 3 3 1 2 1 
4 4 1 1 2 1 1 1 2 1 
1 4 4 1 2 2 2 2 2 1 
=======
 ||
 ||
 || Step 1
\||/
 \/
=======
1 2 2 2 1 1 1 3 3 1 
1 1 3 2 3 3 3 3 1 1 
1 1 3 2 1 1 1 3 3 1 
4 4 4 4 4 4 1 1 3 3 
4 1 3 2 1 4 1 4 4 1 
4 1 3 2 2 4 4 4 1 1 
4 1 3 3 2 1 1 4 4 1 
4 1 1 3 2 2 2 2 4 4 
4 4 1 3 3 3 3 3 3 3 
1 4 4 1 1 1 1 2 1 3 
1 1 4 4 4 1 1 2 2 3 
1 4 4 1 4 1 1 1 2 3 
4 4 1 1 4 1 3 3 2 1 
4 1 1 3 3 3 3 1 2 1 
4 4 1 1 2 1 1 1 2 1 
1 4 4 1 2 2 2 2 2 1 
=======
 ||
 ||
 || Step 2
\||/
 \/
=======
1 2 2 2 1 1 1 3 3 1 
1 1 3 2 3 3 3 3 1 1 
1 1 3 2 1 1 1 3 3 1 
3 3 3 3 3 3 1 1 3 3 
3 1 3 2 1 3 1 3 3 1 
3 1 3 2 2 3 3 3 1 1 
3 1 3 3 2 1 1 3 3 1 
3 1 1 3 2 2 2 2 3 3 
3 3 1 3 3 3 3 3 3 3 
1 3 3 1 1 1 1 2 1 3 
1 1 3 3 3 1 1 2 2 3 
1 3 3 1 3 1 1 1 2 3 
3 3 1 1 3 1 3 3 2 1 
3 1 1 3 3 3 3 1 2 1 
3 3 1 1 2 1 1 1 2 1 
1 3 3 1 2 2 2 2 2 1 
=======
 ||
 ||
 || Step 3
\||/
 \/
=======
1 2 2 2 1 1 1 1 1 1 
1 1 1 2 1 1 1 1 1 1 
1 1 1 2 1 1 1 1 1 1 
1 1 1 1 1 1 1 1 1 1 
1 1 1 2 1 1 1 1 1 1 
1 1 1 2 2 1 1 1 1 1 
1 1 1 1 2 1 1 1 1 1 
1 1 1 1 2 2 2 2 1 1 
1 1 1 1 1 1 1 1 1 1 
1 1 1 1 1 1 1 2 1 1 
1 1 1 1 1 1 1 2 2 1 
1 1 1 1 1 1 1 1 2 1 
1 1 1 1 1 1 1 1 2 1 
1 1 1 1 1 1 1 1 2 1 
1 1 1 1 2 1 1 1 2 1 
1 1 1 1 2 2 2 2 2 1 
=======
 ||
 ||
 || Step 4
\||/
 \/
=======
2 2 2 2 2 2 2 2 2 2 
2 2 2 2 2 2 2 2 2 2 
2 2 2 2 2 2 2 2 2 2 
2 2 2 2 2 2 2 2 2 2 
2 2 2 2 2 2 2 2 2 2 
2 2 2 2 2 2 2 2 2 2 
2 2 2 2 2 2 2 2 2 2 
2 2 2 2 2 2 2 2 2 2 
2 2 2 2 2 2 2 2 2 2 
2 2 2 2 2 2 2 2 2 2 
2 2 2 2 2 2 2 2 2 2 
2 2 2 2 2 2 2 2 2 2 
2 2 2 2 2 2 2 2 2 2 
2 2 2 2 2 2 2 2 2 2 
2 2 2 2 2 2 2 2 2 2 
2 2 2 2 2 2 2 2 2 2 
=======
Time Elapsed: 53273ms
